# RUN 6 -- 27 September 2026.  Windows extended to the HALF-potential radius.
# The quarter-regime extension of the grazing bound (V(r_min) >= V(r0)/4) is not
# proved: the closed form leaves a positive boundary term that convexity of W does
# not control (audit II-01).  The elementary bound that is proved is the grazing
# one, V(r_min) >= V(r0)/2, so the certified window now runs to r_{1/2} and the
# weld encloses V(r_{1/2}+1e-10) - V(r0)/2.  The r0 = 10 configuration of
# no_inversion_schwarzschild_CAP_r0_10.py (b = 0.96), whose window stopped at
# 6.05 < r_{1/2} = 7.573, is now a grid entry.  All seven PASS; every bridge cell
# is tagged S; smallest weld enclosure 1.847e-10 (E = 2.5, r0 = 8).  Runs 1-5
# below are kept verbatim: they certify windows up to the quarter radius only.
E  r0  bb  rhalf  RESULT  nc S M  time
E=1.2 r0=8 bb=0.440 rhalf=6.240 : PASS (nc=432 S=68 M=40 449s)
  weld [6.239593997,6.239593997] tag=S ; V(upper)-V(r0)/2 in [1.61204461438e-9, 1.61204461438e-9] > 0 ? True : OK
E=1.6 r0=8 bb=1.560 rhalf=6.102 : PASS (nc=488 S=73 M=47 500s)
  weld [6.102062865,6.102062865] tag=S ; V(upper)-V(r0)/2 in [5.78268162283e-10, 5.78268162283e-10] > 0 ? True : OK
E=2.5 r0=8 bb=5.250 rhalf=6.035 : PASS (nc=521 S=74 M=51 551s)
  weld [6.035385618,6.035385619] tag=S ; V(upper)-V(r0)/2 in [1.84726946217e-10, 1.84726946217e-10] > 0 ? True : OK
E=1.2 r0=12 bb=0.440 rhalf=9.135 : PASS (nc=955 S=142 M=66 1098s)
  weld [9.134543034,9.134543034] tag=S ; V(upper)-V(r0)/2 in [2.84090303417e-9, 2.84090303417e-9] > 0 ? True : OK
E=1.6 r0=12 bb=1.560 rhalf=8.936 : PASS (nc=1002 S=146 M=72 1126s)
  weld [8.936341121,8.936341121] tag=S ; V(upper)-V(r0)/2 in [9.38579432599e-10, 9.38579432599e-10] > 0 ? True : OK
E=2.5 r0=12 bb=5.250 rhalf=8.852 : PASS (nc=1034 S=151 M=73 1179s)
  weld [8.852164887,8.852164887] tag=S ; V(upper)-V(r0)/2 in [2.91950781761e-10, 2.91950781761e-10] > 0 ? True : OK
E=1.4 r0=10 bb=0.960 rhalf=7.573 : PASS (nc=711 S=118 M=57 702s)
  weld [7.573409956,7.573409957] tag=S ; V(upper)-V(r0)/2 in [1.17219331719e-9, 1.17219331719e-9] > 0 ? True : OK
GRID DONE

# RUN 5 -- 19 September 2026.  The weld to the grazing bound is now part of the
# PUBLIC path, not a separate audit script: weld() certifies the bridge cell
# [rquarter, rquarter+1e-10] like any other cell and encloses
# V(rquarter+1e-10) - V(r0)/4, requiring the enclosure to be strictly positive.
# That places the bridge's upper end above the TRUE quarter radius -- rquarter
# itself comes from brentq in binary64 -- so the certified window and the
# elementary bound overlap and the interval is covered with no gap.  A failure of
# either half now sets the exit code.  The runner also reports WELD GAP if the
# window cap min(rquarter, r0-0.1) ever bites, which on this grid it does not
# (largest rquarter 7.063 against r0-0.1 = 11.9).
#
# The (nc, S, M) counts are IDENTICAL to runs 1-4 in all six configurations.
#
# Underpinning both: V is strictly increasing on r >= 2M for every E > 1, which
# is what makes cap_full.r_of_V's two-sided test an enclosure of the preimage
# rather than of one branch.  With r = 2M+s, V' = 2rN/D_E^2 and
#     N(2M+s) = b s^2 + 3M(b+1) s + 2M^2(b+1),   b = E^2-1,
# all coefficients positive, constant term 2M^2(b+1) > 0.  Verified symbolically
# for general M; recorded in the manuscript as qualification (iv).
E  r0  bb  rquarter  RESULT  nc S M  time
E=1.2 r0=8 bb=0.440 rquarter=4.958 : PASS (nc=374 S=66 M=35 354s)
  weld [4.958199488,4.958199488] tag=S ; V(upper)-V(r0)/4 in [1.1064160032e-9, 1.1064160032e-9] > 0 ? True : OK
E=1.6 r0=8 bb=1.560 rquarter=4.759 : PASS (nc=399 S=65 M=43 366s)
  weld [4.758838390,4.758838390] tag=S ; V(upper)-V(r0)/4 in [4.0919494657e-10, 4.0919494657e-10] > 0 ? True : OK
E=2.5 r0=8 bb=5.250 rquarter=4.659 : PASS (nc=427 S=69 M=46 397s)
  weld [4.659381426,4.659381426] tag=S ; V(upper)-V(r0)/4 in [1.32262860623e-10, 1.32262860623e-10] > 0 ? True : OK
E=1.2 r0=12 bb=0.440 rquarter=7.063 : PASS (nc=917 S=140 M=75 948s)
  weld [7.063069237,7.063069237] tag=S ; V(upper)-V(r0)/4 in [1.95094972829e-9, 1.95094972829e-9] > 0 ? True : OK
E=1.6 r0=12 bb=1.560 rquarter=6.765 : PASS (nc=939 S=148 M=73 959s)
  weld [6.765456692,6.765456692] tag=S ; V(upper)-V(r0)/4 in [6.62314499293e-10, 6.62314499293e-10] > 0 ? True : OK
E=2.5 r0=12 bb=5.250 rquarter=6.634 : PASS (nc=964 S=150 M=75 998s)
  weld [6.634406869,6.634406869] tag=S ; V(upper)-V(r0)/4 in [2.08160878512e-10, 2.08160878512e-10] > 0 ? True : OK
GRID DONE

# Validated interval-arithmetic certificates for the single-crossing property
# (B), over a grid of (E, r0).  Produced by no_inversion_schwarzschild_CAP_grid.py.
# RUN 4 -- 18 September 2026, after two counter fixes in the grid runner.
# (i) cert() returns 'S' or 'M', both truthy, so the wide-cell branch counted
#     every success as 'S': the S/M split could be wrong, though the certified
#     disjunction and hence PASS/FAIL could not.
# (ii) the runner printed FAIL without propagating a nonzero exit code, which
#     misleads any automation reading only the exit status.  It now exits 1.
# The counts below are IDENTICAL to runs 1-3 in all six configurations, which
# says the first bug never fired on these grids: no wide cell ever certified by
# the PP<0 branch here.  The defect was real in the code and latent in the runs,
# and the archived counts of the earlier runs therefore stand.
E  r0  bb  rquarter  RESULT  nc S M  time
E=1.2 r0=8 bb=0.440 rquarter=4.958 : PASS (nc=374 S=66 M=35 356s)
E=1.6 r0=8 bb=1.560 rquarter=4.759 : PASS (nc=399 S=65 M=43 366s)
E=2.5 r0=8 bb=5.250 rquarter=4.659 : PASS (nc=427 S=69 M=46 410s)
E=1.2 r0=12 bb=0.440 rquarter=7.063 : PASS (nc=917 S=140 M=75 990s)
E=1.6 r0=12 bb=1.560 rquarter=6.765 : PASS (nc=939 S=148 M=73 983s)
E=2.5 r0=12 bb=5.250 rquarter=6.634 : PASS (nc=964 S=150 M=75 1010s)
GRID DONE   (exit code 0)

# RUN 3 -- 17 September 2026, after the (3-bb) correction in cap_full.Wjets.
# There the constant was formed in binary64 and only then promoted to a point
# interval; it is now iv.mpf(3)-b, outward rounded.  For the bb of these runs the
# float subtraction happened to be exact, so this was a defect of the library for
# general use rather than of these certificates -- and the run confirms it: six
# PASS with (nc, S, M) IDENTICAL to runs 1 and 2 in every configuration.
E  r0  bb  rquarter  RESULT  nc S M  time
E=1.2 r0=8 bb=0.440 rquarter=4.958 : PASS (nc=374 S=66 M=35 354s)
E=1.6 r0=8 bb=1.560 rquarter=4.759 : PASS (nc=399 S=65 M=43 364s)
E=2.5 r0=8 bb=5.250 rquarter=4.659 : PASS (nc=427 S=69 M=46 396s)
E=1.2 r0=12 bb=0.440 rquarter=7.063 : PASS (nc=917 S=140 M=75 956s)
E=1.6 r0=12 bb=1.560 rquarter=6.765 : PASS (nc=939 S=148 M=73 957s)
E=2.5 r0=12 bb=5.250 rquarter=6.634 : PASS (nc=964 S=150 M=75 998s)
GRID DONE

# RUN 2 -- 17 September 2026, after the panel-width correction in moments_g.
# The earlier version built the panel width as iv.mpf(float(un)-float(prev)):
# a binary64 subtraction promoted to a POINT interval, which asserts that the
# rounded difference is exact instead of enclosing it.  It is now hi - lo with
# hi, lo the two point intervals, which is outward rounded and a rigorous
# enclosure.  An enclosure can only widen a certificate, never narrow it, so the
# correction could in principle have turned a PASS into a subdivision; it did
# not.  The subdivision counts (nc, S, M) are IDENTICAL to run 1 in all six
# configurations, so the conclusion never depended on the defective width.
E  r0  bb  rquarter  RESULT  nc S M  time
E=1.2 r0=8 bb=0.440 rquarter=4.958 : PASS (nc=374 S=66 M=35 343s)
E=1.6 r0=8 bb=1.560 rquarter=4.759 : PASS (nc=399 S=65 M=43 354s)
E=2.5 r0=8 bb=5.250 rquarter=4.659 : PASS (nc=427 S=69 M=46 388s)
E=1.2 r0=12 bb=0.440 rquarter=7.063 : PASS (nc=917 S=140 M=75 928s)
E=1.6 r0=12 bb=1.560 rquarter=6.765 : PASS (nc=939 S=148 M=73 939s)
E=2.5 r0=12 bb=5.250 rquarter=6.634 : PASS (nc=964 S=150 M=75 979s)
GRID DONE

# RUN 1 -- original, kept verbatim for comparison (defective panel width).
E  r0  bb  rquarter  RESULT  nc S M  time
E=1.2 r0=8 bb=0.440 rquarter=4.958 : PASS (nc=374 S=66 M=35 399s)
E=1.6 r0=8 bb=1.560 rquarter=4.759 : PASS (nc=399 S=65 M=43 381s)
E=2.5 r0=8 bb=5.250 rquarter=4.659 : PASS (nc=427 S=69 M=46 418s)
E=1.2 r0=12 bb=0.440 rquarter=7.063 : PASS (nc=917 S=140 M=75 1023s)
E=1.6 r0=12 bb=1.560 rquarter=6.765 : PASS (nc=939 S=148 M=73 1003s)
E=2.5 r0=12 bb=5.250 rquarter=6.634 : PASS (nc=964 S=150 M=75 1042s)
GRID DONE
