✔ [2064/2088] Built ViaB.Wronskian (4.5s)
✔ [2065/2088] Built ViaB.Algebra (4.7s)
✔ [2066/2088] Built ViaB.FirstZero (2.6s)
✔ [2067/2088] Built ViaB.Trace (2.3s)
✔ [2068/2088] Built ViaB.NegativeControls (2.4s)
✔ [2069/2088] Built ViaB.FarField (2.0s)
✔ [2070/2088] Built ViaB.Sturm (2.2s)
✔ [2071/2088] Built ViaB.Dynamics (2.5s)
✔ [2072/2088] Built ViaB.LingeringLimits (2.6s)
✔ [2073/2088] Built ViaB.Barbalat (3.1s)
✔ [2074/2088] Built ViaB.ConeEscape (3.3s)
✔ [2075/2088] Built ViaB.Excursion (3.3s)
✔ [2076/2088] Built ViaB.BoundedAngle (3.7s)
✔ [2077/2088] Built ViaB.LastExit (2.4s)
✔ [2078/2088] Built ViaB.AngleLimits (2.4s)
✔ [2079/2088] Built ViaB.UnboundedEscape (2.5s)
✔ [2080/2088] Built ViaB.RadialConvergence (3.0s)
✔ [2081/2088] Built ViaB.BoundedLingering (2.3s)
✔ [2082/2088] Built ViaB.ExteriorDichotomy (2.4s)
✔ [2083/2088] Built ViaB.EscapeStability (2.6s)
✔ [2084/2088] Built ViaB.FlowDependence (2.4s)
✔ [2085/2088] Built ViaB.TubeBootstrap (2.2s)
✔ [2086/2088] Built ViaB.CompactFieldBound (2.3s)
✔ [2087/2088] Built ViaB (1.0s)
Build completed successfully (2088 jobs).
